   Compiling bevy_picking v0.15.3
   Compiling memmap2 v0.9.9
   Compiling inotify-sys v0.1.5
   Compiling vec_map v0.8.2
   Compiling yazi v0.1.6
   Compiling dpi v0.1.2
   Compiling cursor-icon v1.2.0
   Compiling unicode-script v0.5.8
   Compiling zeno v0.2.3
   Compiling unicode-properties v0.1.4
   Compiling rectangle-pack v0.4.2
   Compiling ttf-parser v0.20.0
   Compiling unicode-bidi-mirroring v0.2.0
   Compiling itoa v1.0.17
   Compiling unicode-ccc v0.2.0
   Compiling ttf-parser v0.21.1
   Compiling fnv v1.0.7
   Compiling rustybuzz v0.14.1
   Compiling serde_json v1.0.149
   Compiling fontdb v0.16.2
   Compiling bevy_sprite v0.15.3
   Compiling swash v0.1.19
   Compiling winit v0.30.12
   Compiling gltf-derive v1.4.1
   Compiling inotify v0.11.0
   Compiling icu_collections v2.1.1
   Compiling icu_provider v2.1.1
   Compiling rayon v1.11.0
   Compiling alsa v0.9.1
   Compiling libudev-sys v0.1.4
   Compiling ogg v0.8.0
   Compiling unicode-bidi v0.3.18
   Compiling self_cell v1.2.2
   Compiling rangemap v1.7.1
   Compiling unicode-linebreak v0.1.5
   Compiling dasp_sample v0.11.0
   Compiling unicode-segmentation v1.12.0
   Compiling sys-locale v0.3.2
   Compiling cosmic-text v0.12.1
   Compiling cpal v0.15.3
   Compiling lewton v0.10.2
   Compiling gilrs-core v0.6.7
   Compiling gltf-json v1.4.1
